// Jest Snapshot v1, https://goo.gl/fbAQLP

exports[`<Main /> Should Render heading 1`] = `
<main>
  <h1>
    react avan√ßado
  </h1>
</main>
`;
